---
source: duvet/src/report.rs
expression: "regions(&[(1, 0..2), (2, 2..4), (3, 0..5)])"

---
[
    Region {
        offset: 0,
        ids: [
            AnnotationId(
                U32(1),
            ),
            AnnotationId(
                U32(3),
            ),
        ],
    },
    Region {
        offset: 2,
        ids: [
            AnnotationId(
                U32(2),
            ),
            AnnotationId(
                U32(3),
            ),
        ],
    },
    Region {
        offset: 4,
        ids: [
            AnnotationId(
                U32(3),
            ),
        ],
    },
    Region {
        offset: 5,
        ids: [],
    },
]
